{
    "version": 2,
    "title": "La Ilustración",
    "description": "Este recurso está dirigido al alumnado de 4º de ESO y se inserta dentro del itinerario \"El Antiguo Régimen\". Está diseñado para tener una duración de, aproximadamente, una sesión, y el objetivo principal es mostrar ampliamente las principales características de la Ilustración.",
    "author": "Víctor Gómez Muñiz",
    "license": "creative commons: attribution - share alike 4.0",
    "language": "es",
    "learningResourceType": "",
    "strings": []
}
